// Jest Snapshot v1, https://goo.gl/fbAQLP

exports[`Tag should render correctly 1`] = `
<div
  className="site-banner usa-banner"
>
  <div
    className="usa-accordion"
  >
    <header
      className="usa-banner__header"
    >
      <div
        className="usa-banner__inner"
      >
        <div
          className="grid-col-auto"
        >
          <img
            alt="U.S. flag"
            className="usa-banner__header-flag"
            src="us_flag_small.png"
          />
        </div>
        <div
          className="grid-col-fill tablet:grid-col-auto"
        >
          <p
            className="usa-banner__header-text"
          >
            An official website of the United States government
          </p>
          <p
            aria-hidden="true"
            className="usa-banner__header-action"
          >
            Here’s how you know
          </p>
        </div>
        <button
          aria-controls="gov-banner"
          aria-expanded="false"
          className="usa-accordion__button usa-banner__button"
          onClick={[Function]}
        >
          <span
            className="usa-banner__button-text"
          >
            Here's how you know
          </span>
        </button>
      </div>
    </header>
    <div
      className="usa-banner__content usa-accordion__content"
      hidden={true}
      id="gov-banner"
    >
      <div
        className="grid-row grid-gap-lg"
      >
        <div
          className="usa-banner__guidance tablet:grid-col-6"
        >
          <img
            alt="Dot gov"
            className="usa-banner__icon usa-media-block__img"
            src="icon-dot-gov.svg"
          />
          <div
            className="usa-media-block__body"
          >
            <p>
              <strong>
                The .gov means it’s official.
              </strong>
              <br />
              Federal government websites often end in .gov or .mil. Before sharing sensitive information, make sure you’re on a federal government site.
            </p>
          </div>
        </div>
        <div
          className="usa-banner__guidance tablet:grid-col-6"
        >
          <img
            alt="Https"
            className="usa-banner__icon usa-media-block__img"
            src="icon-https.svg"
          />
          <div
            className="usa-media-block__body"
          >
            <p>
              <strong>
                The site is secure.
              </strong>
              <br />
              The 
              <strong>
                https://
              </strong>
               ensures that you are connecting to the official website and that any information you provide is encrypted and transmitted securely.
            </p>
          </div>
        </div>
      </div>
    </div>
  </div>
</div>
`;
