// Jest Snapshot v1, https://goo.gl/fbAQLP

exports[`Tag should render correctly 1`] = `
<span
  className="usa-tag "
>
  TestText
</span>
`;
